// Jest Snapshot v1, https://goo.gl/fbAQLP

exports[`TodoList should render the component 1`] = `
<ul
  className="list-group list-group-flush"
>
  <TodoListItem
    handleDelete={[Function]}
    handleToggle={[Function]}
    index={0}
    key="1"
    todo={
      Object {
        "desc": "test-desc",
        "done": false,
        "id": 1,
      }
    }
  />
  <TodoListItem
    handleDelete={[Function]}
    handleToggle={[Function]}
    index={1}
    key="2"
    todo={
      Object {
        "desc": "test-desc-2",
        "done": true,
        "id": 2,
      }
    }
  />
</ul>
`;
